[15:21:22] [main/INFO] (FabricLoader/GameProvider) Loading Minecraft 1.21.1 with Fabric Loader 0.16.14
[15:21:23] [main/INFO] (FabricLoader) Loading 56 mods:
	- carlib 0.1.0
	- fabric-api 0.116.12+1.21.1
	- fabric-api-base 0.4.42+6573ed8c19
	- fabric-api-lookup-api-v1 1.6.72+7b3d111d19
	- fabric-biome-api-v1 13.0.31+d527f9fd19
	- fabric-block-api-v1 1.1.0+0bc3503219
	- fabric-block-view-api-v2 1.0.11+ebb2264e19
	- fabric-blockrenderlayer-v1 1.1.52+0af3f5a719
	- fabric-client-tags-api-v1 1.1.15+6573ed8c19
	- fabric-command-api-v1 1.2.49+f71b366f19
	- fabric-command-api-v2 2.2.28+6ced4dd919
	- fabric-commands-v0 0.2.66+df3654b319
	- fabric-content-registries-v0 8.0.19+b559734419
	- fabric-convention-tags-v1 2.1.7+7f945d5b19
	- fabric-convention-tags-v2 2.12.0+c3656daa19
	- fabric-crash-report-info-v1 0.2.29+0af3f5a719
	- fabric-data-attachment-api-v1 1.4.7+5b36e0f719
	- fabric-data-generation-api-v1 20.2.38+60a6976219
	- fabric-dimensions-v1 4.0.1+65213ef819
	- fabric-entity-events-v1 1.8.0+2b27e0a419
	- fabric-events-interaction-v0 0.7.14+ba9dae0619
	- fabric-game-rule-api-v1 1.0.53+6ced4dd919
	- fabric-gametest-api-v1 2.0.5+6fc22b9919
	- fabric-item-api-v1 11.2.0+3b3cb2e819
	- fabric-item-group-api-v1 4.1.7+def88e3a19
	- fabric-key-binding-api-v1 1.0.47+0af3f5a719
	- fabric-keybindings-v0 0.2.45+df3654b319
	- fabric-lifecycle-events-v1 2.6.0+0865547519
	- fabric-loot-api-v2 3.0.15+3f89f5a519
	- fabric-loot-api-v3 1.0.3+3f89f5a519
	- fabric-message-api-v1 6.0.14+8aaf3aca19
	- fabric-model-loading-api-v1 2.1.0+b4d813fc19
	- fabric-networking-api-v1 4.3.1+d30f6a7919
	- fabric-object-builder-api-v1 15.2.1+40875a9319
	- fabric-particles-v1 4.0.2+6573ed8c19
	- fabric-recipe-api-v1 5.0.16+2475392c19
	- fabric-registry-sync-v0 5.3.2+e3eddc2119
	- fabric-renderer-api-v1 3.4.1+b4d813fc19
	- fabric-renderer-indigo 1.7.1+c705a49c19
	- fabric-renderer-registries-v1 3.2.69+df3654b319
	- fabric-rendering-data-attachment-v1 0.3.49+73761d2e19
	- fabric-rendering-fluids-v1 3.1.6+1daea21519
	- fabric-rendering-v0 1.1.72+df3654b319
	- fabric-rendering-v1 5.1.0+ab4c25a019
	- fabric-resource-conditions-api-v1 4.3.0+8dc279b119
	- fabric-resource-loader-v0 1.3.1+5b5275af19
	- fabric-screen-api-v1 2.0.25+8b68f1c719
	- fabric-screen-handler-api-v1 1.3.91+b559734419
	- fabric-sound-api-v1 1.0.23+6573ed8c19
	- fabric-transfer-api-v1 5.4.4+7b3d111d19
	- fabric-transitive-access-wideners-v1 6.2.0+45b9699719
	- fabricloader 0.16.14
	- java 21
	- minecraft 1.21.1
	- mixinextras 0.4.1
	- pipphone 1.0.0
[15:21:23] [main/INFO] (FabricLoader/Mixin) SpongePowered MIXIN Subsystem Version=0.8.7 Source=file:/tmp/cursor-sandbox-cache/dd95e0be3039cc8c66700de231bc6c63/gradle/caches/modules-2/files-2.1/net.fabricmc/sponge-mixin/0.15.5+mixin.0.8.7/22f9eb729e216a091673a574a5906dc1b9027fb3/sponge-mixin-0.15.5+mixin.0.8.7.jar Service=Knot/Fabric Env=CLIENT
[15:21:23] [main/INFO] (FabricLoader/Mixin) Loaded Fabric development mappings for mixin remapper!
[15:21:23] [main/INFO] (FabricLoader/Mixin) Compatibility level set to JAVA_17
[15:21:23] [main/INFO] (FabricLoader/Mixin) Compatibility level set to JAVA_21
[15:21:25] [main/INFO] (FabricLoader/MixinExtras|Service) Initializing MixinExtras via com.llamalad7.mixinextras.service.MixinExtrasServiceImpl(version=0.4.1).
[15:21:27] [Datafixer Bootstrap/INFO] (Minecraft) 226 Datafixer optimizations took 525 milliseconds
[15:21:37] [Render thread/INFO] (Minecraft) Environment: Environment[sessionHost=https://sessionserver.mojang.com, servicesHost=https://api.minecraftservices.com, name=PROD]
[15:21:37] [Render thread/INFO] (Minecraft) Setting user: Player822
[15:21:37] [Render thread/INFO] (pipphone) PIPphone initialized with CarLib provider and phone controller
[15:21:37] [Render thread/INFO] (carlib) Initializing CarLib by aguyintheroad (Modrinth, CurseForge). Providers: 1, movement: 0, weapons: 0, ui overlays: 0, menus: 0
[15:21:37] [Render thread/INFO] (carlib) Animation controller present for carlib => entity: false, item: false
[15:21:37] [Render thread/INFO] (Indigo) [Indigo] Registering Indigo renderer!
[15:21:38] [Render thread/INFO] (pipphone) PIPphone client HUD and keybind (P) ready
[15:21:38] [Render thread/INFO] (Minecraft) Backend library: LWJGL version 3.3.3-snapshot
[15:21:40] [Render thread/INFO] (Minecraft) Reloading ResourceManager: vanilla, fabric, fabric-api, fabric-api-base, fabric-api-lookup-api-v1, fabric-biome-api-v1, fabric-block-api-v1, fabric-block-view-api-v2, fabric-blockrenderlayer-v1, fabric-client-tags-api-v1, fabric-command-api-v1, fabric-command-api-v2, fabric-commands-v0, fabric-content-registries-v0, fabric-convention-tags-v1, fabric-convention-tags-v2, fabric-crash-report-info-v1, fabric-data-attachment-api-v1, fabric-data-generation-api-v1, fabric-dimensions-v1, fabric-entity-events-v1, fabric-events-interaction-v0, fabric-game-rule-api-v1, fabric-gametest-api-v1, fabric-item-api-v1, fabric-item-group-api-v1, fabric-key-binding-api-v1, fabric-keybindings-v0, fabric-lifecycle-events-v1, fabric-loot-api-v2, fabric-loot-api-v3, fabric-message-api-v1, fabric-model-loading-api-v1, fabric-networking-api-v1, fabric-object-builder-api-v1, fabric-particles-v1, fabric-recipe-api-v1, fabric-registry-sync-v0, fabric-renderer-api-v1, fabric-renderer-indigo, fabric-renderer-registries-v1, fabric-rendering-data-attachment-v1, fabric-rendering-fluids-v1, fabric-rendering-v0, fabric-rendering-v1, fabric-resource-conditions-api-v1, fabric-resource-loader-v0, fabric-screen-api-v1, fabric-screen-handler-api-v1, fabric-sound-api-v1, fabric-transfer-api-v1, fabric-transitive-access-wideners-v1, fabricloader, pipphone
[15:21:40] [Worker-Main-1/INFO] (Minecraft) Found unifont_all_no_pua-15.1.05.hex, loading
[15:21:40] [Worker-Main-7/INFO] (Minecraft) Found unifont_jp_patch-15.1.05.hex, loading
[15:21:42] [Render thread/WARN] (Minecraft) Missing sound for event: minecraft:item.goat_horn.play
[15:21:42] [Render thread/WARN] (Minecraft) Missing sound for event: minecraft:entity.goat.screaming.horn_break
[15:21:43] [Render thread/INFO] (Minecraft) OpenAL initialized on device Tiger Lake-LP Smart Sound Technology Audio Controller Speaker + Headphones
[15:21:43] [Render thread/INFO] (Minecraft) Sound engine started
[15:21:43] [Render thread/INFO] (Minecraft) Created: 1024x512x4 minecraft:textures/atlas/blocks.png-atlas
[15:21:43] [Render thread/INFO] (Minecraft) Created: 256x256x4 minecraft:textures/atlas/signs.png-atlas
[15:21:43] [Render thread/INFO] (Minecraft) Created: 512x512x4 minecraft:textures/atlas/shield_patterns.png-atlas
[15:21:43] [Render thread/INFO] (Minecraft) Created: 512x512x4 minecraft:textures/atlas/banner_patterns.png-atlas
[15:21:43] [Render thread/INFO] (Minecraft) Created: 1024x1024x4 minecraft:textures/atlas/armor_trims.png-atlas
[15:21:43] [Render thread/INFO] (Minecraft) Created: 128x64x4 minecraft:textures/atlas/decorated_pot.png-atlas
[15:21:43] [Render thread/INFO] (Minecraft) Created: 256x256x4 minecraft:textures/atlas/chest.png-atlas
[15:21:43] [Render thread/INFO] (Minecraft) Created: 512x256x4 minecraft:textures/atlas/beds.png-atlas
[15:21:43] [Render thread/INFO] (Minecraft) Created: 512x256x4 minecraft:textures/atlas/shulker_boxes.png-atlas
[15:21:43] [Render thread/INFO] (Minecraft) Created: 512x256x0 minecraft:textures/atlas/particles.png-atlas
[15:21:43] [Render thread/INFO] (Minecraft) Created: 512x256x0 minecraft:textures/atlas/paintings.png-atlas
[15:21:43] [Render thread/INFO] (Minecraft) Created: 256x128x0 minecraft:textures/atlas/mob_effects.png-atlas
[15:21:43] [Render thread/INFO] (Minecraft) Created: 64x64x0 minecraft:textures/atlas/map_decorations.png-atlas
[15:21:43] [Render thread/INFO] (Minecraft) Created: 1024x512x0 minecraft:textures/atlas/gui.png-atlas
[15:21:43] [Render thread/WARN] (Minecraft) Shader rendertype_entity_translucent_emissive could not find sampler named Sampler2 in the specified shader program.
[15:21:54] [Render thread/INFO] (Minecraft) Loaded 1290 recipes
[15:21:54] [Render thread/INFO] (Minecraft) Loaded 1399 advancements
[15:21:59] [Render thread/INFO] (BiomeModificationImpl) Applied 0 biome modifications to 0 of 64 new biomes in 1.242 ms
[15:21:59] [Server thread/INFO] (Minecraft) Starting integrated minecraft server version 1.21.1
[15:21:59] [Server thread/INFO] (Minecraft) Generating keypair
[15:22:05] [Server thread/INFO] (Minecraft) Preparing start region for dimension minecraft:overworld
[15:22:05] [Render thread/INFO] (Minecraft) Preparing spawn area: 2%
[15:22:05] [Render thread/INFO] (Minecraft) Preparing spawn area: 2%
[15:22:06] [Render thread/INFO] (Minecraft) Preparing spawn area: 2%
[15:22:06] [Render thread/INFO] (Minecraft) Preparing spawn area: 2%
[15:22:07] [Render thread/INFO] (Minecraft) Preparing spawn area: 18%
[15:22:07] [Render thread/INFO] (Minecraft) Preparing spawn area: 18%
[15:22:08] [Render thread/INFO] (Minecraft) Preparing spawn area: 18%
[15:22:08] [Render thread/INFO] (Minecraft) Preparing spawn area: 18%
[15:22:09] [Render thread/INFO] (Minecraft) Preparing spawn area: 51%
[15:22:09] [Render thread/INFO] (Minecraft) Preparing spawn area: 51%
[15:22:10] [Render thread/INFO] (Minecraft) Preparing spawn area: 51%
[15:22:10] [Render thread/INFO] (Minecraft) Time elapsed: 5202 ms
[15:22:10] [Server thread/INFO] (Minecraft) Changing view distance to 12, from 10
[15:22:10] [Server thread/INFO] (Minecraft) Changing simulation distance to 12, from 0
[15:22:11] [Server thread/INFO] (Minecraft) Player822[local:E:57a10fd7] logged in with entity id 22 at (-6.5, 72.0, 7.5)
[15:22:11] [Server thread/INFO] (Minecraft) Player822 joined the game
[15:22:12] [Render thread/INFO] (Minecraft) Loaded 2 advancements
